Unable to open input file bnfnodes.dat. Continuing
production: ada_simple_expression
  sequence
    optional
      nonterminal sign
    loop
      body:
        nonterminal factor
      repeat:
        terminal '+'
      repeat:
        terminal '-'
      repeat:
        terminal '&'
      repeat:
        terminal '*'
      repeat:
        terminal '/'
      repeat:
        terminal 'mod'
      repeat:
        terminal 'rem'
