Unable to open input file bnfnodes.dat. Continuing
production: wide_optional_choice
  sequence
    terminal 'CALL'
    nonterminal identifier
    optional
      sequence
        terminal '('
        choice
          nonterminal formal_parameter_list
          nonterminal actual_parameter_list
          nonterminal variable_reference
        terminal ')'
    nonterminal compound_statement
    nonterminal declaration_part
    terminal ';'
