Unable to open input file bnfnodes.dat. Continuing
production: factor
  choice
    sequence
      terminal '('
      nonterminal expression
      terminal ')'
    nonterminal variable_reference
    nonterminal function_call
    nonterminal unsigned_constant
    sequence
      terminal 'NOT'
      nonterminal factor
    sequence
      nonterminal sign
      nonterminal factor
    nonterminal set_constructor
    nonterminal value_typecast
    nonterminal address_factor
