Unable to open input file bnfnodes.dat. Continuing
production: optsl
production: wrapperl
  concat node20 : drawtoprev=0 beforeskip=0 width=0 height=0 coord9 coord6
    \nullnode{start1\strut} ->  coord6 : drawtoprev=0 beforeskip=0 width=0 height=9 coord6 coord6
    \nullnode{start2\strut} ->  coord7 : drawtoprev=1 beforeskip=8 width=0 height=9 coord7 coord7
    rail  UP node17 : drawtoprev=1 beforeskip=8 width=0 height=0 node17.east node17.west
    choices node14 : leftrail=node17 rightrail=node18 drawtoprev=0 beforeskip=8 width=0 height=0 coord5 coord5
      \nullnode{NULL node\strut} ->  coord5 : drawtoprev=1 beforeskip=8 width=0 height=9 coord5 coord5
      \railnonterm{a\strut} ->  node38 : drawtoprev=0 beforeskip=0 width=8 height=6 node38.east node38.west
      \railnonterm{b\strut} ->  node39 : drawtoprev=0 beforeskip=0 width=8 height=6 node39.east node39.west
    rail  UP node18 : drawtoprev=1 beforeskip=8 width=0 height=0 node18.east node18.west
    \nullnode{end1\strut} ->  coord8 : drawtoprev=1 beforeskip=8 width=0 height=9 coord8 coord8
    \nullnode{end2\strut} ->  coord9 : drawtoprev=1 beforeskip=8 width=0 height=9 coord9 coord9
