Unable to open input file bnfnodes.dat. Continuing
production: twa
production: twb
production: usew
  concat node20 : drawtoprev=0 beforeskip=0 width=0 height=0 coord12 coord9
    \nullnode{start1\strut} ->  coord9 : drawtoprev=0 beforeskip=0 width=0 height=9 coord9 coord9
    \nullnode{start2\strut} ->  coord10 : drawtoprev=1 beforeskip=8 width=0 height=9 coord10 coord10
    concat node37 : drawtoprev=1 beforeskip=0 width=0 height=0 node38.east node38.west
      \railnonterm{x\strut} ->  node38 : drawtoprev=1 beforeskip=8 width=8 height=6 node38.east node38.west
    concat node39 : drawtoprev=1 beforeskip=0 width=0 height=0 node40.east node40.west
      \railnonterm{x\strut} ->  node40 : drawtoprev=1 beforeskip=8 width=8 height=6 node40.east node40.west
    \railnonterm{z\strut} ->  node18 : drawtoprev=1 beforeskip=8 width=8 height=6 node18.east node18.west
    \nullnode{end1\strut} ->  coord11 : drawtoprev=1 beforeskip=8 width=0 height=9 coord11 coord11
    \nullnode{end2\strut} ->  coord12 : drawtoprev=1 beforeskip=8 width=0 height=9 coord12 coord12
