Unable to open input file bnfnodes.dat. Continuing
production: sepx
production: listx
  concat node22 : drawtoprev=0 beforeskip=0 width=0 height=0 coord9 coord6
    \nullnode{start1\strut} ->  coord6 : drawtoprev=0 beforeskip=0 width=0 height=9 coord6 coord6
    \nullnode{start2\strut} ->  coord7 : drawtoprev=1 beforeskip=8 width=0 height=9 coord7 coord7
    loop node17 : drawtoprev=0 beforeskip=8 width=0 height=0 coord5 coord5
      \railnonterm{itemx\strut} ->  node43 : drawtoprev=1 beforeskip=8 width=8 height=6 node43.east node43.west
      concat node15 : drawtoprev=0 beforeskip=8 width=0 height=0 node14.east node13.west
        rail  UP node38 : drawtoprev=1 beforeskip=8 width=0 height=0 node38.east node38.west
        choices node39 : leftrail=node38 rightrail=node42 drawtoprev=0 beforeskip=8 width=0 height=0 node40.east node40.west
          \railnonterm{,\strut} ->  node40 : drawtoprev=0 beforeskip=0 width=8 height=6 node40.east node40.west
          \railnonterm{;\strut} ->  node41 : drawtoprev=0 beforeskip=0 width=8 height=6 node41.east node41.west
        rail  UP node42 : drawtoprev=1 beforeskip=8 width=0 height=0 node42.east node42.west
    \nullnode{end1\strut} ->  coord8 : drawtoprev=1 beforeskip=8 width=0 height=9 coord8 coord8
    \nullnode{end2\strut} ->  coord9 : drawtoprev=1 beforeskip=8 width=0 height=9 coord9 coord9
