Unable to open input file bnfnodes.dat. Continuing
production: compound_statement
  concat node15 : drawtoprev=0 beforeskip=0 width=0 height=0 coord6 coord3
    \nullnode{start1\strut} ->  coord3 : drawtoprev=0 beforeskip=0 width=0 height=9 coord3 coord3
    \nullnode{start2\strut} ->  coord4 : drawtoprev=1 beforeskip=8 width=0 height=9 coord4 coord4
    \railnonterm{BEGIN\strut} ->  node1 : drawtoprev=1 beforeskip=8 width=8 height=6 node1.east node1.west
    rail  UP node5 : drawtoprev=0 beforeskip=8 width=0 height=0 node5.east node5.west
    choices node4 : leftrail=node5 rightrail=node6 drawtoprev=0 beforeskip=8 width=0 height=0 coord1 coord1
      \nullnode{NULL node\strut} ->  coord1 : drawtoprev=1 beforeskip=8 width=0 height=9 coord1 coord1
      \railnonterm{statement\_list\strut} ->  node2 : drawtoprev=0 beforeskip=0 width=8 height=6 node2.east node2.west
    rail  UP node6 : drawtoprev=0 beforeskip=8 width=0 height=0 node6.east node6.west
    rail  UP node11 : drawtoprev=0 beforeskip=8 width=0 height=0 node11.east node11.west
    choices node10 : leftrail=node11 rightrail=node12 drawtoprev=0 beforeskip=8 width=0 height=0 coord2 coord2
      \nullnode{NULL node\strut} ->  coord2 : drawtoprev=1 beforeskip=8 width=0 height=9 coord2 coord2
      \railnonterm{;\strut} ->  node8 : drawtoprev=0 beforeskip=0 width=8 height=6 node8.east node8.west
    rail  UP node12 : drawtoprev=0 beforeskip=8 width=0 height=0 node12.east node12.west
    \railnonterm{END\strut} ->  node13 : drawtoprev=1 beforeskip=8 width=8 height=6 node13.east node13.west
    \nullnode{end1\strut} ->  coord5 : drawtoprev=1 beforeskip=8 width=0 height=9 coord5 coord5
    \nullnode{end2\strut} ->  coord6 : drawtoprev=1 beforeskip=8 width=0 height=9 coord6 coord6
