Unable to open input file bnfnodes.dat. Continuing
production: nc
  concat node10 : drawtoprev=0 beforeskip=0 width=0 height=0 coord4 coord1
    \nullnode{start1\strut} ->  coord1 : drawtoprev=0 beforeskip=0 width=0 height=9 coord1 coord1
    \nullnode{start2\strut} ->  coord2 : drawtoprev=1 beforeskip=8 width=0 height=9 coord2 coord2
    \railnonterm{a\strut} ->  node1 : drawtoprev=1 beforeskip=8 width=8 height=6 node1.east node1.west
    rail  UP node5 : drawtoprev=0 beforeskip=8 width=0 height=0 node5.east node5.west
    choices node4 : leftrail=node5 rightrail=node6 drawtoprev=0 beforeskip=8 width=0 height=0 node2.east node2.west
      \railnonterm{b\strut} ->  node2 : drawtoprev=1 beforeskip=0 width=8 height=6 node2.east node2.west
      \railnonterm{c\strut} ->  node3 : drawtoprev=0 beforeskip=0 width=8 height=6 node3.east node3.west
    rail  UP node6 : drawtoprev=0 beforeskip=8 width=0 height=0 node6.east node6.west
    \railnonterm{d\strut} ->  node8 : drawtoprev=1 beforeskip=8 width=8 height=6 node8.east node8.west
    \nullnode{end1\strut} ->  coord3 : drawtoprev=1 beforeskip=8 width=0 height=9 coord3 coord3
    \nullnode{end2\strut} ->  coord4 : drawtoprev=1 beforeskip=8 width=0 height=9 coord4 coord4
production: nc2
  concat node25 : drawtoprev=0 beforeskip=0 width=0 height=0 coord9 coord6
    \nullnode{start1\strut} ->  coord6 : drawtoprev=0 beforeskip=0 width=0 height=9 coord6 coord6
    \nullnode{start2\strut} ->  coord7 : drawtoprev=1 beforeskip=8 width=0 height=9 coord7 coord7
    rail  UP node22 : drawtoprev=1 beforeskip=8 width=0 height=0 node22.east node22.west
    choices node17 : leftrail=node22 rightrail=node23 drawtoprev=0 beforeskip=8 width=0 height=0 node15.east node15.west
      \nullnode{NULL node\strut} ->  coord5 : drawtoprev=0 beforeskip=8 width=0 height=9 coord5 coord5
      \railnonterm{a\strut} ->  node15 : drawtoprev=1 beforeskip=0 width=8 height=6 node15.east node15.west
      \railnonterm{b\strut} ->  node16 : drawtoprev=0 beforeskip=0 width=8 height=6 node16.east node16.west
      \railnonterm{c\strut} ->  node18 : drawtoprev=0 beforeskip=0 width=8 height=6 node18.east node18.west
    rail  UP node23 : drawtoprev=1 beforeskip=8 width=0 height=0 node23.east node23.west
    \nullnode{end1\strut} ->  coord8 : drawtoprev=1 beforeskip=8 width=0 height=9 coord8 coord8
    \nullnode{end2\strut} ->  coord9 : drawtoprev=1 beforeskip=8 width=0 height=9 coord9 coord9
