Unable to open input file bnfnodes.dat. Continuing
production: sepc
production: listc
  concat node17 : drawtoprev=0 beforeskip=0 width=0 height=0 coord8 coord5
    \nullnode{start1\strut} ->  coord5 : drawtoprev=0 beforeskip=0 width=0 height=9 coord5 coord5
    \nullnode{start2\strut} ->  coord6 : drawtoprev=1 beforeskip=8 width=0 height=9 coord6 coord6
    \railnonterm{itemc\strut} ->  node12 : drawtoprev=1 beforeskip=8 width=8 height=6 node12.east node12.west
    choices node32 : drawtoprev=1 beforeskip=0 width=0 height=0 node33.east node33.west
      \railnonterm{,\strut} ->  node33 : drawtoprev=0 beforeskip=0 width=8 height=6 node33.east node33.west
      \railnonterm{;\strut} ->  node34 : drawtoprev=0 beforeskip=0 width=8 height=6 node34.east node34.west
    \railnonterm{itemc\strut} ->  node15 : drawtoprev=1 beforeskip=8 width=8 height=6 node15.east node15.west
    \nullnode{end1\strut} ->  coord7 : drawtoprev=1 beforeskip=8 width=0 height=9 coord7 coord7
    \nullnode{end2\strut} ->  coord8 : drawtoprev=1 beforeskip=8 width=0 height=9 coord8 coord8
