Unable to open input file bnfnodes.dat. Continuing
production: elemi
production: listi
  concat node16 : drawtoprev=0 beforeskip=0 width=0 height=0 coord9 coord6
    \nullnode{start1\strut} ->  coord6 : drawtoprev=0 beforeskip=0 width=0 height=9 coord6 coord6
    \nullnode{start2\strut} ->  coord7 : drawtoprev=1 beforeskip=8 width=0 height=9 coord7 coord7
    loop node11 : drawtoprev=0 beforeskip=8 width=0 height=0 coord5 coord5
      \railnonterm{x\strut} ->  node31 : drawtoprev=1 beforeskip=8 width=8 height=6 node31.east node31.west
      \nullnode{NULL node\strut} ->  coord10 : drawtoprev=1 beforeskip=8 width=0 height=9 coord10 coord10
    \nullnode{end1\strut} ->  coord8 : drawtoprev=1 beforeskip=8 width=0 height=9 coord8 coord8
    \nullnode{end2\strut} ->  coord9 : drawtoprev=1 beforeskip=8 width=0 height=9 coord9 coord9
