Unable to open input file bnfnodes.dat. Continuing
production: first
  sequence
    terminal 'a'
    nonterminal b
production: second
  choice
    nonterminal c
    nonterminal d
production: third
  loop
    repeat:
      nonterminal e
production: fourth
  optional
    sequence
      nonterminal f
      nonterminal g
