Unable to open input file bnfnodes.dat. Continuing
production: case_statement
  sequence
    optional
      sequence
        nonterminal label
        terminal ':'
    terminal 'case'
    nonterminal expression
    terminal 'is'
    newline
    loop
      body:
        nonterminal case_statement_alternative
      repeat:
        terminal ','
    newline
    terminal 'end'
    terminal 'case'
    optional
      nonterminal label
    terminal ';'
