Unable to open input file bnfnodes.dat. Continuing
production: wide_sep_loop
  sequence
    terminal 'LIST'
    nonterminal actual_parameter
    loop
      repeat:
        sequence
          terminal ','
          nonterminal actual_parameter
    terminal 'IN'
    nonterminal statement_list
    loop
      repeat:
        sequence
          terminal ';'
          nonterminal statement_list
    nonterminal compound_statement
    nonterminal declaration_part
    terminal 'END'
