Unable to open input file bnfnodes.dat. Continuing
production: quoted_string
  concat node10 : drawtoprev=0 beforeskip=0 width=0 height=0 coord5 coord2
    \nullnode{start1\strut} ->  coord2 : drawtoprev=0 beforeskip=0 width=0 height=9 coord2 coord2
    \nullnode{start2\strut} ->  coord3 : drawtoprev=1 beforeskip=8 width=0 height=9 coord3 coord3
    \railnonterm{'\strut} ->  node1 : drawtoprev=1 beforeskip=8 width=8 height=6 node1.east node1.west
    rail  UP node5 : drawtoprev=0 beforeskip=8 width=0 height=0 node5.east node5.west
    loop node4 : leftrail=node5 rightrail=node6 drawtoprev=0 beforeskip=8 width=0 height=0 coord1 coord1
      \nullnode{NULL node\strut} ->  coord1 : drawtoprev=1 beforeskip=8 width=0 height=9 coord1 coord1
      \railnonterm{string\_character\strut} ->  node2 : drawtoprev=0 beforeskip=8 width=8 height=6 node2.east node2.west
    rail  UP node6 : drawtoprev=0 beforeskip=8 width=0 height=0 node6.east node6.west
    \railnonterm{'\strut} ->  node8 : drawtoprev=1 beforeskip=8 width=8 height=6 node8.east node8.west
    \nullnode{end1\strut} ->  coord4 : drawtoprev=1 beforeskip=8 width=0 height=9 coord4 coord4
    \nullnode{end2\strut} ->  coord5 : drawtoprev=1 beforeskip=8 width=0 height=9 coord5 coord5
