Unable to open input file bnfnodes.dat. Continuing
production: program
  concat node21 : drawtoprev=0 beforeskip=0 width=0 height=0 coord6 coord3
    \nullnode{start1\strut} ->  coord3 : drawtoprev=0 beforeskip=0 width=0 height=9 coord3 coord3
    \nullnode{start2\strut} ->  coord4 : drawtoprev=1 beforeskip=8 width=0 height=9 coord4 coord4
    \railnonterm{PROGRAM\strut} ->  node1 : drawtoprev=1 beforeskip=8 width=8 height=6 node1.east node1.west
    \railnonterm{program\_header\strut} ->  node2 : drawtoprev=1 beforeskip=8 width=8 height=6 node2.east node2.west
    rail  UP node10 : drawtoprev=0 beforeskip=8 width=0 height=0 node10.east node10.west
    choices node9 : leftrail=node10 rightrail=node11 drawtoprev=0 beforeskip=8 width=0 height=0 coord1 coord1
      \nullnode{NULL node\strut} ->  coord1 : drawtoprev=1 beforeskip=8 width=0 height=9 coord1 coord1
      concat node6 : drawtoprev=0 beforeskip=0 width=0 height=0 node7.east node4.west
        \railnonterm{(\strut} ->  node4 : drawtoprev=1 beforeskip=0 width=8 height=6 node4.east node4.west
        \railnonterm{identifier\_list\strut} ->  node5 : drawtoprev=1 beforeskip=8 width=8 height=6 node5.east node5.west
        \railnonterm{)\strut} ->  node7 : drawtoprev=1 beforeskip=8 width=8 height=6 node7.east node7.west
    rail  UP node11 : drawtoprev=0 beforeskip=8 width=0 height=0 node11.east node11.west
    \railnonterm{;\strut} ->  node12 : drawtoprev=1 beforeskip=8 width=8 height=6 node12.east node12.west
    rail  UP node16 : drawtoprev=0 beforeskip=8 width=0 height=0 node16.east node16.west
    choices node15 : leftrail=node16 rightrail=node17 drawtoprev=0 beforeskip=8 width=0 height=0 coord2 coord2
      \nullnode{NULL node\strut} ->  coord2 : drawtoprev=1 beforeskip=8 width=0 height=9 coord2 coord2
      \railnonterm{uses\_clause\strut} ->  node13 : drawtoprev=0 beforeskip=0 width=8 height=6 node13.east node13.west
    rail  UP node17 : drawtoprev=0 beforeskip=8 width=0 height=0 node17.east node17.west
    \railnonterm{block\strut} ->  node18 : drawtoprev=1 beforeskip=8 width=8 height=6 node18.east node18.west
    \railnonterm{.\strut} ->  node19 : drawtoprev=1 beforeskip=8 width=8 height=6 node19.east node19.west
    \nullnode{end1\strut} ->  coord5 : drawtoprev=1 beforeskip=8 width=0 height=9 coord5 coord5
    \nullnode{end2\strut} ->  coord6 : drawtoprev=1 beforeskip=8 width=0 height=9 coord6 coord6
